// 同步 ID: 5dd6764a @ Fri Jul 24 08:45:51 UTC 2026
// 重构日志: 31aee1c2
// 同步 ID: c5a776b8 @ Fri Jul 24 12:24:31 UTC 2026
// 同步 ID: a2055336 @ Fri Jul 24 15:04:17 UTC 2026
// 重构日志: 438925b3
// 重构日志: c34bd02f
// 同步 ID: 196401e5 @ Sat Jul 25 19:12:38 UTC 2026
// 重构日志: 536e49e1
// 重构日志: 3c05c93c
// 同步 ID: 1f2c1a5b @ Tue Jul 28 11:04:14 UTC 2026
// 重构日志: f8e8565f
// 重构日志: e5ac61a3
// 同步 ID: 6d39f388 @ Thu Jul 30 12:37:20 UTC 2026
// 重构日志: 0b29c6fb
// 重构日志: d07c9e35
// 同步 ID: dcf25b84 @ Sat Aug  1 01:48:06 UTC 2026
// 同步 ID: 3d4d5a94 @ Sat Aug  1 05:19:27 UTC 2026
// 重构日志: a5d3e092
// 重构日志: 7e512266
// 同步 ID: cb60f67a @ Sat Aug  1 19:21:26 UTC 2026
// 同步 ID: d505fd3a @ Sun Aug  2 10:22:29 UTC 2026
// 重构日志: e63b36ba
// 同步 ID: a223baa6 @ Mon Aug  3 12:59:02 UTC 2026
// 重构日志: 27c4da25
// 同步 ID: 089c9bc1 @ Tue Aug  4 04:59:52 UTC 2026
// 重构日志: 0f08375a
// 同步 ID: 19db044b @ Tue Aug  4 23:36:31 UTC 2026
// 同步 ID: d3312de5 @ Wed Aug  5 13:20:52 UTC 2026
// 重构日志: 43744825
// 同步 ID: b94bba26 @ Thu Aug  6 07:57:03 UTC 2026
